2026-06-02T02:33:32.894512Z 0 [Warning] [MY-010097] [Server] Insecure configuration for --secure-file-priv: Current value does not restrict location of generated files. Consider setting it to a valid, non-empty path.
2026-06-02T02:33:32.894654Z 0 [Warning] [MY-010918] [Server] 'default_authentication_plugin' is deprecated and will be removed in a future release. Please use authentication_policy instead.
2026-06-02T02:33:32.895182Z 0 [System] [MY-010116] [Server] C:\laragon\bin\mysql\mysql-8.0.30-winx64\bin\mysqld (mysqld 8.0.30) starting as process 11700
2026-06-02T02:33:32.969991Z 1 [System] [MY-013576] [InnoDB] InnoDB initialization has started.
2026-06-02T02:33:33.490439Z 1 [System] [MY-013577] [InnoDB] InnoDB initialization has ended.
2026-06-02T02:33:34.238634Z 0 [Warning] [MY-013829] [Server] Missing data directory for ICU regular expressions: C:\laragon\bin\mysql\mysql-8.0.30-winx64\lib\private\.
2026-06-02T02:33:34.249416Z 0 [Warning] [MY-010068] [Server] CA certificate ca.pem is self signed.
2026-06-02T02:33:34.251237Z 0 [System] [MY-013602] [Server] Channel mysql_main configured to support TLS. Encrypted connections are now supported for this channel.
2026-06-02T02:33:34.335752Z 0 [System] [MY-011323] [Server] X Plugin ready for connections. Bind-address: '::' port: 33060
2026-06-02T02:33:34.335973Z 0 [System] [MY-010931] [Server] C:\laragon\bin\mysql\mysql-8.0.30-winx64\bin\mysqld: ready for connections. Version: '8.0.30'  socket: ''  port: 3306  MySQL Community Server - GPL.
2026-06-02T02:55:24.942499Z 12 [System] [MY-013172] [Server] Received SHUTDOWN from user root. Shutting down mysqld (Version: 8.0.30).
2026-06-02T02:55:24.948659Z 0 [System] [MY-013105] [Server] C:\laragon\bin\mysql\mysql-8.0.30-winx64\bin\mysqld: Normal shutdown.
2026-06-02T02:55:26.961403Z 0 [Warning] [MY-010909] [Server] C:\laragon\bin\mysql\mysql-8.0.30-winx64\bin\mysqld: Forcing close of thread 11  user: 'root'.
2026-06-02T02:55:28.198379Z 0 [System] [MY-010910] [Server] C:\laragon\bin\mysql\mysql-8.0.30-winx64\bin\mysqld: Shutdown complete (mysqld 8.0.30)  MySQL Community Server - GPL.
2026-06-02T02:55:46.302451Z 0 [Warning] [MY-010097] [Server] Insecure configuration for --secure-file-priv: Current value does not restrict location of generated files. Consider setting it to a valid, non-empty path.
2026-06-02T02:55:46.302615Z 0 [Warning] [MY-010918] [Server] 'default_authentication_plugin' is deprecated and will be removed in a future release. Please use authentication_policy instead.
2026-06-02T02:55:46.302753Z 0 [System] [MY-010116] [Server] C:\laragon\bin\mysql\mysql-8.0.30-winx64\bin\mysqld (mysqld 8.0.30) starting as process 22180
2026-06-02T02:55:46.374344Z 1 [System] [MY-013576] [InnoDB] InnoDB initialization has started.
2026-06-02T02:55:46.866661Z 1 [System] [MY-013577] [InnoDB] InnoDB initialization has ended.
2026-06-02T02:55:47.458873Z 0 [Warning] [MY-013829] [Server] Missing data directory for ICU regular expressions: C:\laragon\bin\mysql\mysql-8.0.30-winx64\lib\private\.
2026-06-02T02:55:47.470323Z 0 [Warning] [MY-010068] [Server] CA certificate ca.pem is self signed.
2026-06-02T02:55:47.471142Z 0 [System] [MY-013602] [Server] Channel mysql_main configured to support TLS. Encrypted connections are now supported for this channel.
2026-06-02T02:55:47.531310Z 0 [System] [MY-011323] [Server] X Plugin ready for connections. Bind-address: '::' port: 33060
2026-06-02T02:55:47.531343Z 0 [System] [MY-010931] [Server] C:\laragon\bin\mysql\mysql-8.0.30-winx64\bin\mysqld: ready for connections. Version: '8.0.30'  socket: ''  port: 3306  MySQL Community Server - GPL.
2026-06-02T02:57:22.749989Z 10 [System] [MY-013172] [Server] Received SHUTDOWN from user root. Shutting down mysqld (Version: 8.0.30).
2026-06-02T02:57:22.752022Z 0 [System] [MY-013105] [Server] C:\laragon\bin\mysql\mysql-8.0.30-winx64\bin\mysqld: Normal shutdown.
2026-06-02T02:57:23.202496Z 0 [System] [MY-010910] [Server] C:\laragon\bin\mysql\mysql-8.0.30-winx64\bin\mysqld: Shutdown complete (mysqld 8.0.30)  MySQL Community Server - GPL.
2026-06-02T02:57:42.266239Z 0 [Warning] [MY-010097] [Server] Insecure configuration for --secure-file-priv: Current value does not restrict location of generated files. Consider setting it to a valid, non-empty path.
2026-06-02T02:57:42.266312Z 0 [Warning] [MY-010918] [Server] 'default_authentication_plugin' is deprecated and will be removed in a future release. Please use authentication_policy instead.
2026-06-02T02:57:42.266354Z 0 [System] [MY-010116] [Server] C:\laragon\bin\mysql\mysql-8.0.30-winx64\bin\mysqld (mysqld 8.0.30) starting as process 21920
2026-06-02T02:57:42.341838Z 1 [System] [MY-013576] [InnoDB] InnoDB initialization has started.
2026-06-02T02:57:42.760780Z 1 [System] [MY-013577] [InnoDB] InnoDB initialization has ended.
2026-06-02T02:57:43.158276Z 0 [Warning] [MY-013829] [Server] Missing data directory for ICU regular expressions: C:\laragon\bin\mysql\mysql-8.0.30-winx64\lib\private\.
2026-06-02T02:57:43.164212Z 0 [Warning] [MY-010068] [Server] CA certificate ca.pem is self signed.
2026-06-02T02:57:43.164861Z 0 [System] [MY-013602] [Server] Channel mysql_main configured to support TLS. Encrypted connections are now supported for this channel.
2026-06-02T02:57:43.239432Z 0 [System] [MY-011323] [Server] X Plugin ready for connections. Bind-address: '::' port: 33060
2026-06-02T02:57:43.239461Z 0 [System] [MY-010931] [Server] C:\laragon\bin\mysql\mysql-8.0.30-winx64\bin\mysqld: ready for connections. Version: '8.0.30'  socket: ''  port: 3306  MySQL Community Server - GPL.
2026-06-08T02:14:31.815453Z 0 [Warning] [MY-010097] [Server] Insecure configuration for --secure-file-priv: Current value does not restrict location of generated files. Consider setting it to a valid, non-empty path.
2026-06-08T02:14:31.817143Z 0 [Warning] [MY-010918] [Server] 'default_authentication_plugin' is deprecated and will be removed in a future release. Please use authentication_policy instead.
2026-06-08T02:14:31.817386Z 0 [System] [MY-010116] [Server] C:\laragon\bin\mysql\mysql-8.0.30-winx64\bin\mysqld (mysqld 8.0.30) starting as process 15496
2026-06-08T02:14:31.919301Z 1 [System] [MY-013576] [InnoDB] InnoDB initialization has started.
2026-06-08T02:14:32.675932Z 1 [System] [MY-013577] [InnoDB] InnoDB initialization has ended.
2026-06-08T02:14:33.082170Z 0 [System] [MY-010229] [Server] Starting XA crash recovery...
2026-06-08T02:14:33.089194Z 0 [System] [MY-010232] [Server] XA crash recovery finished.
2026-06-08T02:14:33.128775Z 0 [Warning] [MY-013829] [Server] Missing data directory for ICU regular expressions: C:\laragon\bin\mysql\mysql-8.0.30-winx64\lib\private\.
2026-06-08T02:14:33.167248Z 0 [Warning] [MY-010068] [Server] CA certificate ca.pem is self signed.
2026-06-08T02:14:33.168023Z 0 [System] [MY-013602] [Server] Channel mysql_main configured to support TLS. Encrypted connections are now supported for this channel.
2026-06-08T02:14:33.259788Z 0 [System] [MY-011323] [Server] X Plugin ready for connections. Bind-address: '::' port: 33060
2026-06-08T02:14:33.259804Z 0 [System] [MY-010931] [Server] C:\laragon\bin\mysql\mysql-8.0.30-winx64\bin\mysqld: ready for connections. Version: '8.0.30'  socket: ''  port: 3306  MySQL Community Server - GPL.
2026-06-08T04:42:35.538644Z 71 [System] [MY-013172] [Server] Received SHUTDOWN from user root. Shutting down mysqld (Version: 8.0.30).
2026-06-08T04:42:35.550059Z 0 [System] [MY-013105] [Server] C:\laragon\bin\mysql\mysql-8.0.30-winx64\bin\mysqld: Normal shutdown.
2026-06-08T04:42:36.217988Z 0 [System] [MY-010910] [Server] C:\laragon\bin\mysql\mysql-8.0.30-winx64\bin\mysqld: Shutdown complete (mysqld 8.0.30)  MySQL Community Server - GPL.
2026-06-22T02:00:40.725768Z 0 [Warning] [MY-010097] [Server] Insecure configuration for --secure-file-priv: Current value does not restrict location of generated files. Consider setting it to a valid, non-empty path.
2026-06-22T02:00:40.726902Z 0 [Warning] [MY-010918] [Server] 'default_authentication_plugin' is deprecated and will be removed in a future release. Please use authentication_policy instead.
2026-06-22T02:00:40.726967Z 0 [System] [MY-010116] [Server] C:\laragon\bin\mysql\mysql-8.0.30-winx64\bin\mysqld (mysqld 8.0.30) starting as process 20288
2026-06-22T02:00:40.837368Z 1 [System] [MY-013576] [InnoDB] InnoDB initialization has started.
2026-06-22T02:00:41.413081Z 1 [System] [MY-013577] [InnoDB] InnoDB initialization has ended.
2026-06-22T02:00:42.110355Z 0 [Warning] [MY-013829] [Server] Missing data directory for ICU regular expressions: C:\laragon\bin\mysql\mysql-8.0.30-winx64\lib\private\.
2026-06-22T02:00:42.133357Z 0 [Warning] [MY-010068] [Server] CA certificate ca.pem is self signed.
2026-06-22T02:00:42.134253Z 0 [System] [MY-013602] [Server] Channel mysql_main configured to support TLS. Encrypted connections are now supported for this channel.
2026-06-22T02:00:42.220492Z 0 [System] [MY-011323] [Server] X Plugin ready for connections. Bind-address: '::' port: 33060
2026-06-22T02:00:42.220649Z 0 [System] [MY-010931] [Server] C:\laragon\bin\mysql\mysql-8.0.30-winx64\bin\mysqld: ready for connections. Version: '8.0.30'  socket: ''  port: 3306  MySQL Community Server - GPL.
2026-07-03T08:26:17.620198Z 0 [Warning] [MY-010097] [Server] Insecure configuration for --secure-file-priv: Current value does not restrict location of generated files. Consider setting it to a valid, non-empty path.
2026-07-03T08:26:17.621035Z 0 [Warning] [MY-010918] [Server] 'default_authentication_plugin' is deprecated and will be removed in a future release. Please use authentication_policy instead.
2026-07-03T08:26:17.621140Z 0 [System] [MY-010116] [Server] C:\laragon\bin\mysql\mysql-8.0.30-winx64\bin\mysqld (mysqld 8.0.30) starting as process 18116
2026-07-03T08:26:17.708102Z 1 [System] [MY-013576] [InnoDB] InnoDB initialization has started.
2026-07-03T08:26:18.580476Z 1 [System] [MY-013577] [InnoDB] InnoDB initialization has ended.
2026-07-03T08:26:18.946960Z 0 [System] [MY-010229] [Server] Starting XA crash recovery...
2026-07-03T08:26:18.954456Z 0 [System] [MY-010232] [Server] XA crash recovery finished.
2026-07-03T08:26:19.002498Z 0 [Warning] [MY-013829] [Server] Missing data directory for ICU regular expressions: C:\laragon\bin\mysql\mysql-8.0.30-winx64\lib\private\.
2026-07-03T08:26:19.031936Z 0 [Warning] [MY-010068] [Server] CA certificate ca.pem is self signed.
2026-07-03T08:26:19.032588Z 0 [System] [MY-013602] [Server] Channel mysql_main configured to support TLS. Encrypted connections are now supported for this channel.
2026-07-03T08:26:19.269460Z 0 [System] [MY-011323] [Server] X Plugin ready for connections. Bind-address: '::' port: 33060
2026-07-03T08:26:19.269519Z 0 [System] [MY-010931] [Server] C:\laragon\bin\mysql\mysql-8.0.30-winx64\bin\mysqld: ready for connections. Version: '8.0.30'  socket: ''  port: 3306  MySQL Community Server - GPL.
2026-07-03T10:12:19.840975Z 8 [System] [MY-013172] [Server] Received SHUTDOWN from user root. Shutting down mysqld (Version: 8.0.30).
2026-07-03T10:12:19.847653Z 0 [System] [MY-013105] [Server] C:\laragon\bin\mysql\mysql-8.0.30-winx64\bin\mysqld: Normal shutdown.
2026-07-03T10:12:20.788321Z 0 [System] [MY-010910] [Server] C:\laragon\bin\mysql\mysql-8.0.30-winx64\bin\mysqld: Shutdown complete (mysqld 8.0.30)  MySQL Community Server - GPL.
2026-07-11T12:42:02.279306Z 0 [Warning] [MY-010097] [Server] Insecure configuration for --secure-file-priv: Current value does not restrict location of generated files. Consider setting it to a valid, non-empty path.
2026-07-11T12:42:02.280822Z 0 [Warning] [MY-010918] [Server] 'default_authentication_plugin' is deprecated and will be removed in a future release. Please use authentication_policy instead.
2026-07-11T12:42:02.280883Z 0 [System] [MY-010116] [Server] C:\laragon\bin\mysql\mysql-8.0.30-winx64\bin\mysqld (mysqld 8.0.30) starting as process 27088
2026-07-11T12:42:02.404928Z 1 [System] [MY-013576] [InnoDB] InnoDB initialization has started.
2026-07-11T12:42:03.021976Z 1 [System] [MY-013577] [InnoDB] InnoDB initialization has ended.
2026-07-11T12:42:03.718208Z 0 [Warning] [MY-013829] [Server] Missing data directory for ICU regular expressions: C:\laragon\bin\mysql\mysql-8.0.30-winx64\lib\private\.
2026-07-11T12:42:03.744287Z 0 [Warning] [MY-010068] [Server] CA certificate ca.pem is self signed.
2026-07-11T12:42:03.745203Z 0 [System] [MY-013602] [Server] Channel mysql_main configured to support TLS. Encrypted connections are now supported for this channel.
2026-07-11T12:42:03.862053Z 0 [System] [MY-011323] [Server] X Plugin ready for connections. Bind-address: '::' port: 33060
2026-07-11T12:42:03.862097Z 0 [System] [MY-010931] [Server] C:\laragon\bin\mysql\mysql-8.0.30-winx64\bin\mysqld: ready for connections. Version: '8.0.30'  socket: ''  port: 3306  MySQL Community Server - GPL.
2026-07-12T09:03:23.476549Z 0 [Warning] [MY-010097] [Server] Insecure configuration for --secure-file-priv: Current value does not restrict location of generated files. Consider setting it to a valid, non-empty path.
2026-07-12T09:03:23.479131Z 0 [Warning] [MY-010918] [Server] 'default_authentication_plugin' is deprecated and will be removed in a future release. Please use authentication_policy instead.
2026-07-12T09:03:23.479370Z 0 [System] [MY-010116] [Server] C:\laragon\bin\mysql\mysql-8.0.30-winx64\bin\mysqld (mysqld 8.0.30) starting as process 18288
